[     169ms] [INFO] %cDownload the React DevTools for a better development experience: https://react.dev/link/react-devtools font-weight:bold @ http://localhost:3001/_next/static/chunks/node_modules_next_dist_1ybzpk2._.js:2477
[     191ms] [LOG] [HMR] connected @ http://localhost:3001/_next/static/chunks/node_modules_next_dist_1ybzpk2._.js:2477
[     223ms] [ERROR] Encountered a script tag while rendering React component. Scripts inside React components are never executed when rendering on the client. Consider using template tag instead (https://developer.mozilla.org/en-US/docs/Web/HTML/Element/template). @ http://localhost:3001/_next/static/chunks/node_modules_next_dist_1ybzpk2._.js:3318
[     271ms] Error: Hydration failed because the server rendered text didn't match the client. As a result this tree will be regenerated on the client. This can happen if a SSR-ed Client Component used:

- A server/client branch `if (typeof window !== 'undefined')`.
- Variable input such as `Date.now()` or `Math.random()` which changes each time it's called.
- Date formatting in a user's locale which doesn't match the server.
- External changing data without sending a snapshot of it along with the HTML.
- Invalid HTML tag nesting.

It can also happen if the client has a browser extension installed which messes with the HTML before React loaded.

https://react.dev/link/hydration-mismatch

  ...
    <ProjectJunePage>
      <main className="art">
        <script>
        <ArticleScrollSpy>
        <header>
        ...
          <section id="Livestr" className="art-section" data-reveal={true}>
            <h2>
            <p>
            <p>
            <CommandLink>
              <LazyMotion features={{...}}>
                <div className="pj-cl" data-no-zoom={true} data-mode="day">
                  <div>
                  <div>
                  <div className="pj-cl-grid2">
                    <div className="pj-cl-block">
                      <span>
                      <div className="pj-cl-hud">
                        <div>
                        <ul className="pj-cl-read...">
                          <li className="">
                            <span>
                            <span className="pj-cl-ro-val">
+                             1.4617
-                             1.4616
                              ...
                          ...
                          ...
                    ...
                  ...
            ...
        ...

    at throwOnHydrationMismatch (http://localhost:3001/_next/static/chunks/node_modules_next_dist_compiled_react-dom_096_9a-._.js:3318:56)
    at completeWork (http://localhost:3001/_next/static/chunks/node_modules_next_dist_compiled_react-dom_096_9a-._.js:7021:36)
    at runWithFiberInDEV (http://localhost:3001/_next/static/chunks/node_modules_next_dist_compiled_react-dom_096_9a-._.js:965:74)
    at completeUnitOfWork (http://localhost:3001/_next/static/chunks/node_modules_next_dist_compiled_react-dom_096_9a-._.js:9622:23)
    at performUnitOfWork (http://localhost:3001/_next/static/chunks/node_modules_next_dist_compiled_react-dom_096_9a-._.js:9557:28)
    at workLoopConcurrentByScheduler (http://localhost:3001/_next/static/chunks/node_modules_next_dist_compiled_react-dom_096_9a-._.js:9551:58)
    at renderRootConcurrent (http://localhost:3001/_next/static/chunks/node_modules_next_dist_compiled_react-dom_096_9a-._.js:9534:71)
    at performWorkOnRoot (http://localhost:3001/_next/static/chunks/node_modules_next_dist_compiled_react-dom_096_9a-._.js:9061:150)
    at performWorkOnRootViaSchedulerTask (http://localhost:3001/_next/static/chunks/node_modules_next_dist_compiled_react-dom_096_9a-._.js:10255:9)
    at MessagePort.performWorkUntilDeadline (http://localhost:3001/_next/static/chunks/node_modules_next_dist_compiled_1amofcm._.js:2647:64)
[     493ms] [LOG] %c[Vercel Web Analytics]%c Debug mode is enabled by default in development. No requests will be sent to the server. color: rgb(120, 120, 120) color: inherit @ http://localhost:3001/_next/static/chunks/node_modules_next_dist_1ybzpk2._.js:2477
[     494ms] [LOG] %c[Vercel Web Analytics]%c [view] http://localhost:3001/project-june color: rgb(120, 120, 120) color: inherit {o: http://localhost:3001/project-june, sv: 0.1.3, sdkn: @vercel/analytics/react, sdkv: 1.6.1, ts: 1782965039296} /_vercel/insights/view @ http://localhost:3001/_next/static/chunks/node_modules_next_dist_1ybzpk2._.js:2477
[     494ms] [LOG] %c[Vercel Speed Insights]%c Debug mode is enabled by default in development. No requests will be sent to the server. color: rgb(120, 120, 120) color: inherit @ http://localhost:3001/_next/static/chunks/node_modules_next_dist_1ybzpk2._.js:2477
[    1486ms] [LOG] Running frontend commit 0d2b0756b04dbf6b451e0af7275021c486b81c05 @ https://www.figma.com/embed/interstitial?embed_host=share&embed_path=%2Fdesign%2FmcnJbSAA9XGrY8XuUzH60Y%2FProject-June%3Fembed-host%3Dshare%26kind%3Dfile%26node-id%3D0-1%26page-selector%3D1%26theme%3Dlight%26version%3D2%26viewer%3D1&theme=light&version=2:491
[    2147ms] [LOG] Reloading the embed... reason: refreshOnReadyForEmbed @ https://www.figma.com/webpack-artifacts/assets/embed_interstitial-19c0a83fa1da20a8.min.js.br:108
[    3443ms] [LOG] Running frontend commit 0d2b0756b04dbf6b451e0af7275021c486b81c05 @ https://www.figma.com/design/mcnJbSAA9XGrY8XuUzH60Y/Project-June?embed-host=share&kind=file&node-id=0-1&page-selector=1&theme=light&version=2&viewer=1:491
[    3861ms] [LOG] [Fast Refresh] rebuilding @ http://localhost:3001/_next/static/chunks/node_modules_next_dist_1ybzpk2._.js:2477
[    4245ms] [LOG] [Fast Refresh] done in 441ms @ http://localhost:3001/_next/static/chunks/node_modules_next_dist_1ybzpk2._.js:2477
[    4612ms] [LOG] [Fast Refresh] rebuilding @ http://localhost:3001/_next/static/chunks/node_modules_next_dist_1ybzpk2._.js:2477
[    4614ms] [LOG] [Fast Refresh] done in 110ms @ http://localhost:3001/_next/static/chunks/node_modules_next_dist_1ybzpk2._.js:2477
[    4732ms] [WARNING] Statsig is not ready to log exposures, will retry in 1 seconds @ https://www.figma.com/webpack-artifacts/assets/embed_viewer-d29bc6abeb72d674.min.js.br:3126
[    5092ms] [ERROR] Failed to load resource: the server responded with a status of 401 () @ https://www.figma.com/api/statsig/v1_ruleset:0
[    5093ms] [ERROR] Failed to fetch v1 ruleset: q: XHR for "/api/statsig/v1_ruleset" failed with status 401
    at Z (https://www.figma.com/webpack-artifacts/assets/embed_viewer-d29bc6abeb72d674.min.js.br:2888:17891)
    at async Object.X [as get] (https://www.figma.com/webpack-artifacts/assets/embed_viewer-d29bc6abeb72d674.min.js.br:2888:18287)
    at async https://www.figma.com/webpack-artifacts/assets/embed_viewer-d29bc6abeb72d674.min.js.br:2837:190916
    at async k.validate (https://www.figma.com/webpack-artifacts/assets/embed_viewer-d29bc6abeb72d674.min.js.br:2868:2209)
    at async F (https://www.figma.com/webpack-artifacts/assets/embed_viewer-d29bc6abeb72d674.min.js.br:2866:145374)
    at async N (https://www.figma.com/webpack-artifacts/assets/embed_viewer-d29bc6abeb72d674.min.js.br:2866:144578)
    at async Object.write (https://www.figma.com/webpack-artifacts/assets/embed_viewer-d29bc6abeb72d674.min.js.br:2866:144197) @ https://www.figma.com/webpack-artifacts/assets/embed_viewer-d29bc6abeb72d674.min.js.br:3126
[    6672ms] [INFO] [Fullscreen] Booting... (emscripten version 4.0.21) @ https://www.figma.com/webpack-artifacts/assets/embed_viewer-d29bc6abeb72d674.min.js.br:3126
[    6739ms] [INFO] [GPU] graphicsAPI:"WebGL 2", vendor:"Google Inc. (Apple)", renderer:"ANGLE (Apple, ANGLE Metal Renderer: Apple M4 Pro, Unspecified Version)" version:"OpenGL ES 3.0 (WebGL 2.0 (OpenGL ES 3.0 Chromium))" @ https://www.figma.com/webpack-artifacts/assets/embed_viewer-d29bc6abeb72d674.min.js.br:3126
[    6743ms] [LOG] [Fullscreen] Mobile File Viewer Ready in 1910.0ms @ https://www.figma.com/webpack-artifacts/assets/embed_viewer-d29bc6abeb72d674.min.js.br:3126
[    6778ms] [INFO] [MultiplayerSession] connecting to wss://www.figma.com/api/multiplayer/mcnJbSAA9XGrY8XuUzH60Y?role=viewerWithCpp&tracking_session_id=Te64holo71rrbpit&version=175&recentReload=0&file-load-streaming-compression&scenegraph-queries-initial-nodes=0:1&client_release=0d2b0756b04dbf6b451e0af7275021c486b81c05 @ https://www.figma.com/webpack-artifacts/assets/embed_viewer-d29bc6abeb72d674.min.js.br:3126
[    6784ms] [LOG] Finished initializing mobile cpp viewer design @ https://www.figma.com/webpack-artifacts/assets/embed_viewer-d29bc6abeb72d674.min.js.br:3126
[    6804ms] [INFO] [MultiplayerSession] Joining file version 106 (initial load) @ https://www.figma.com/webpack-artifacts/assets/embed_viewer-d29bc6abeb72d674.min.js.br:3126
[    7292ms] [INFO] afterJoinEnd PageSyncing: Loaded incrementally {loaded_pages: 0:1} @ https://www.figma.com/webpack-artifacts/assets/embed_viewer-d29bc6abeb72d674.min.js.br:3126
