[     118ms] [INFO] %cDownload the React DevTools for a better development experience: https://react.dev/link/react-devtools font-weight:bold @ http://localhost:3001/_next/static/chunks/node_modules_next_dist_1ybzpk2._.js:2477
[     191ms] [LOG] [HMR] connected @ http://localhost:3001/_next/static/chunks/node_modules_next_dist_1ybzpk2._.js:2477
[     271ms] [LOG] %c[Vercel Web Analytics]%c Debug mode is enabled by default in development. No requests will be sent to the server. color: rgb(120, 120, 120) color: inherit @ http://localhost:3001/_next/static/chunks/node_modules_next_dist_1ybzpk2._.js:2477
[     271ms] [LOG] %c[Vercel Web Analytics]%c [view] http://localhost:3001/project-june color: rgb(120, 120, 120) color: inherit {o: http://localhost:3001/project-june, sv: 0.1.3, sdkn: @vercel/analytics/react, sdkv: 1.6.1, ts: 1782966080870} /_vercel/insights/view @ http://localhost:3001/_next/static/chunks/node_modules_next_dist_1ybzpk2._.js:2477
[     278ms] [LOG] %c[Vercel Speed Insights]%c Debug mode is enabled by default in development. No requests will be sent to the server. color: rgb(120, 120, 120) color: inherit @ http://localhost:3001/_next/static/chunks/node_modules_next_dist_1ybzpk2._.js:2477
[    1306ms] [LOG] Running frontend commit 0d2b0756b04dbf6b451e0af7275021c486b81c05 @ https://www.figma.com/embed/interstitial?embed_host=share&embed_path=%2Fdesign%2FmcnJbSAA9XGrY8XuUzH60Y%2FProject-June%3Fembed-host%3Dshare%26kind%3Dfile%26node-id%3D0-1%26page-selector%3D1%26theme%3Dlight%26version%3D2%26viewer%3D1&theme=light&version=2:491
[    2200ms] [LOG] Reloading the embed... reason: refreshOnReadyForEmbed @ https://www.figma.com/webpack-artifacts/assets/embed_interstitial-19c0a83fa1da20a8.min.js.br:108
[    3180ms] [LOG] Running frontend commit 0d2b0756b04dbf6b451e0af7275021c486b81c05 @ https://www.figma.com/design/mcnJbSAA9XGrY8XuUzH60Y/Project-June?embed-host=share&kind=file&node-id=0-1&page-selector=1&theme=light&version=2&viewer=1:491
[    4015ms] [WARNING] Statsig is not ready to log exposures, will retry in 1 seconds @ https://www.figma.com/webpack-artifacts/assets/embed_viewer-d29bc6abeb72d674.min.js.br:3126
[    4102ms] [WARNING] WebSocket connection to 'wss://www.figma.com/api/multiplayer/mcnJbSAA9XGrY8XuUzH60Y?role=viewerWithCpp&tracking_session_id=WJnFcTutrHO6pAgR&version=175&recentReload=0&file-load-streaming-compression&client_release=0d2b0756b04dbf6b451e0af7275021c486b81c05' failed: WebSocket is closed before the connection is established. @ https://www.figma.com/design/mcnJbSAA9XGrY8XuUzH60Y/Project-June?embed-host=share&kind=file&node-id=0-1&page-selector=1&theme=light&version=2&viewer=1:499
[    4174ms] [INFO] [Fullscreen] Booting... (emscripten version 4.0.21) @ https://www.figma.com/webpack-artifacts/assets/embed_viewer-d29bc6abeb72d674.min.js.br:3126
[    4220ms] [INFO] [GPU] graphicsAPI:"WebGL 2", vendor:"Google Inc. (Apple)", renderer:"ANGLE (Apple, ANGLE Metal Renderer: Apple M4 Pro, Unspecified Version)" version:"OpenGL ES 3.0 (WebGL 2.0 (OpenGL ES 3.0 Chromium))" @ https://www.figma.com/webpack-artifacts/assets/embed_viewer-d29bc6abeb72d674.min.js.br:3126
[    4222ms] [LOG] [Fullscreen] Mobile File Viewer Ready in 110.6ms @ https://www.figma.com/webpack-artifacts/assets/embed_viewer-d29bc6abeb72d674.min.js.br:3126
[    4240ms] [INFO] [MultiplayerSession] connecting to wss://www.figma.com/api/multiplayer/mcnJbSAA9XGrY8XuUzH60Y?role=viewerWithCpp&tracking_session_id=WJnFcTutrHO6pAgR&version=175&recentReload=0&file-load-streaming-compression&scenegraph-queries-initial-nodes=0:1&client_release=0d2b0756b04dbf6b451e0af7275021c486b81c05 @ https://www.figma.com/webpack-artifacts/assets/embed_viewer-d29bc6abeb72d674.min.js.br:3126
[    4241ms] [LOG] Finished initializing mobile cpp viewer design @ https://www.figma.com/webpack-artifacts/assets/embed_viewer-d29bc6abeb72d674.min.js.br:3126
[    4261ms] [ERROR] Failed to load resource: the server responded with a status of 401 () @ https://www.figma.com/api/statsig/v1_ruleset:0
[    4262ms] [ERROR] Failed to fetch v1 ruleset: q: XHR for "/api/statsig/v1_ruleset" failed with status 401
    at Z (https://www.figma.com/webpack-artifacts/assets/embed_viewer-d29bc6abeb72d674.min.js.br:2888:17891)
    at async Object.X [as get] (https://www.figma.com/webpack-artifacts/assets/embed_viewer-d29bc6abeb72d674.min.js.br:2888:18287)
    at async https://www.figma.com/webpack-artifacts/assets/embed_viewer-d29bc6abeb72d674.min.js.br:2837:190916
    at async k.validate (https://www.figma.com/webpack-artifacts/assets/embed_viewer-d29bc6abeb72d674.min.js.br:2868:2209)
    at async F (https://www.figma.com/webpack-artifacts/assets/embed_viewer-d29bc6abeb72d674.min.js.br:2866:145374)
    at async N (https://www.figma.com/webpack-artifacts/assets/embed_viewer-d29bc6abeb72d674.min.js.br:2866:144578)
    at async Object.write (https://www.figma.com/webpack-artifacts/assets/embed_viewer-d29bc6abeb72d674.min.js.br:2866:144197) @ https://www.figma.com/webpack-artifacts/assets/embed_viewer-d29bc6abeb72d674.min.js.br:3126
[    6032ms] [INFO] [MultiplayerSession] Joining file version 106 (initial load) @ https://www.figma.com/webpack-artifacts/assets/embed_viewer-d29bc6abeb72d674.min.js.br:3126
[    6129ms] [INFO] afterJoinEnd PageSyncing: Loaded incrementally {loaded_pages: 0:1} @ https://www.figma.com/webpack-artifacts/assets/embed_viewer-d29bc6abeb72d674.min.js.br:3126
[    7455ms] [LOG] %c[Vercel Speed Insights]%c [vitals] color: rgb(120, 120, 120) color: inherit {speed: 4g, metrics: Array(3), scriptVersion: 0.1.3, sdkName: @vercel/speed-insights/next, sdkVersion: 1.3.1} /_vercel/speed-insights/vitals @ http://localhost:3001/_next/static/chunks/node_modules_next_dist_1ybzpk2._.js:2477
[    7455ms] [LOG] %c[Vercel Speed Insights]%c [vitals] color: rgb(120, 120, 120) color: inherit {speed: 4g, metrics: Array(1), scriptVersion: 0.1.3, sdkName: @vercel/speed-insights/next, sdkVersion: 1.3.1} /_vercel/speed-insights/vitals @ http://localhost:3001/_next/static/chunks/node_modules_next_dist_1ybzpk2._.js:2477
